src_lapack95 = \
cbbcsd.f90 \
chetrs2.f90 \
clapmr.f90 \
csyconv.f90 \
csyswapr.f90 \
cheswapr.f90 \
csytri2.f90 \
csytri2x.f90 \
chetri2.f90 \
chetri2x.f90 \
csytrs2.f90 \
cunbdb.f90 \
cuncsd.f90 \
cbdsqr.f90 \
cdtsvb.f90 \
cdtsvb1.f90 \
cdttrfb.f90 \
cdttrsb.f90 \
cdttrsb1.f90 \
cgbbrd.f90 \
cgbcon.f90 \
cgbequ.f90 \
cgbrfs.f90 \
cgbrfs1.f90 \
cgbsv.f90 \
cgbsv1.f90 \
cgbsvx.f90 \
cgbsvx1.f90 \
cgbtrf.f90 \
cgbtrs.f90 \
cgbtrs1.f90 \
cgebak.f90 \
cgebal.f90 \
cgebrd.f90 \
cgecon.f90 \
cgeequ.f90 \
cgees.f90 \
cgeesx.f90 \
cgeev.f90 \
cgeevx.f90 \
cgehrd.f90 \
cgelqf.f90 \
cgels.f90 \
cgels1.f90 \
cgelsd.f90 \
cgelsd1.f90 \
cgelss.f90 \
cgelss1.f90 \
cgelsy.f90 \
cgelsy1.f90 \
cgemqrt.f90 \
cgeqlf.f90 \
cgeqp3.f90 \
cgeqpf.f90 \
cgeqrf.f90 \
cgeqrt.f90 \
cgeqrt2.f90 \
cgeqrt3.f90 \
cgerfs.f90 \
cgerfs1.f90 \
cgerqf.f90 \
cgesdd.f90 \
cgesv.f90 \
cgesv1.f90 \
cgesvd.f90 \
cgesvx.f90 \
cgesvx1.f90 \
cgetrf.f90 \
cgetri.f90 \
cgetrs.f90 \
cgetrs1.f90 \
cggbak.f90 \
cggbal.f90 \
cgges.f90 \
cggesx.f90 \
cggev.f90 \
cggevx.f90 \
cggglm.f90 \
cgghrd.f90 \
cgglse.f90 \
cggqrf.f90 \
cggrqf.f90 \
cggsvd.f90 \
cggsvp.f90 \
cgtcon.f90 \
cgtrfs.f90 \
cgtrfs1.f90 \
cgtsv.f90 \
cgtsv1.f90 \
cgtsvx.f90 \
cgtsvx1.f90 \
cgttrf.f90 \
cgttrs.f90 \
cgttrs1.f90 \
chbev.f90 \
chbevd.f90 \
chbevx.f90 \
chbgst.f90 \
chbgv.f90 \
chbgvd.f90 \
chbgvx.f90 \
chbtrd.f90 \
checon.f90 \
cheev.f90 \
cheevd.f90 \
cheevr.f90 \
cheevx.f90 \
chegst.f90 \
chegv.f90 \
chegvd.f90 \
chegvx.f90 \
cherfs.f90 \
cherfs1.f90 \
chesv.f90 \
chesv1.f90 \
chesvx.f90 \
chesvx1.f90 \
chetrd.f90 \
chetrf.f90 \
chetri.f90 \
chetrs.f90 \
chetrs1.f90 \
chgeqz.f90 \
chpcon.f90 \
chpev.f90 \
chpevd.f90 \
chpevx.f90 \
chpgst.f90 \
chpgv.f90 \
chpgvd.f90 \
chpgvx.f90 \
chprfs.f90 \
chprfs1.f90 \
chpsv.f90 \
chpsv1.f90 \
chpsvx.f90 \
chpsvx1.f90 \
chptrd.f90 \
chptrf.f90 \
chptri.f90 \
chptrs.f90 \
chptrs1.f90 \
chsein.f90 \
chseqr.f90 \
cpbcon.f90 \
cpbequ.f90 \
cpbrfs.f90 \
cpbrfs1.f90 \
cpbstf.f90 \
cpbsv.f90 \
cpbsv1.f90 \
cpbsvx.f90 \
cpbsvx1.f90 \
cpbtrf.f90 \
cpbtrs.f90 \
cpbtrs1.f90 \
cpocon.f90 \
cpoequ.f90 \
cporfs.f90 \
cporfs1.f90 \
cposv.f90 \
cposv1.f90 \
cposvx.f90 \
cposvx1.f90 \
cpotrf.f90 \
cpotri.f90 \
cpotrs.f90 \
cpotrs1.f90 \
cppcon.f90 \
cppequ.f90 \
cpprfs.f90 \
cpprfs1.f90 \
cppsv.f90 \
cppsv1.f90 \
cppsvx.f90 \
cppsvx1.f90 \
cpptrf.f90 \
cpptri.f90 \
cpptrs.f90 \
cpptrs1.f90 \
cptcon.f90 \
cpteqr.f90 \
cptrfs.f90 \
cptrfs1.f90 \
cptsv.f90 \
cptsv1.f90 \
cptsvx.f90 \
cptsvx1.f90 \
cpttrf.f90 \
cpttrs.f90 \
cpttrs1.f90 \
cspcon.f90 \
csprfs.f90 \
csprfs1.f90 \
cspsv.f90 \
cspsv1.f90 \
cspsvx.f90 \
cspsvx1.f90 \
csptrf.f90 \
csptri.f90 \
csptrs.f90 \
csptrs1.f90 \
cstedc.f90 \
cstegr.f90 \
cstein.f90 \
csteqr.f90 \
csycon.f90 \
csyrfs.f90 \
csyrfs1.f90 \
csysv.f90 \
csysv1.f90 \
csysvx.f90 \
csysvx1.f90 \
csytrf.f90 \
csytri.f90 \
csytrs.f90 \
csytrs1.f90 \
ctbcon.f90 \
ctbrfs.f90 \
ctbrfs1.f90 \
ctbtrs.f90 \
ctbtrs1.f90 \
ctgevc.f90 \
ctgexc.f90 \
ctgsen.f90 \
ctgsja.f90 \
ctgsna.f90 \
ctgsyl.f90 \
ctpcon.f90 \
ctpmqrt.f90 \
ctpqrt.f90 \
ctpqrt2.f90 \
ctprfb.f90 \
ctprfs.f90 \
ctprfs1.f90 \
ctptri.f90 \
ctptrs.f90 \
ctptrs1.f90 \
ctrcon.f90 \
ctrevc.f90 \
ctrexc.f90 \
ctrrfs.f90 \
ctrrfs1.f90 \
ctrsen.f90 \
ctrsna.f90 \
ctrsyl.f90 \
ctrtri.f90 \
ctrtrs.f90 \
ctrtrs1.f90 \
ctzrzf.f90 \
cungbr.f90 \
cunghr.f90 \
cunglq.f90 \
cungql.f90 \
cungqr.f90 \
cungrq.f90 \
cungtr.f90 \
cunmbr.f90 \
cunmhr.f90 \
cunmlq.f90 \
cunmql.f90 \
cunmqr.f90 \
cunmrq.f90 \
cunmrz.f90 \
cunmtr.f90 \
cupgtr.f90 \
cupmtr.f90 \
dbbcsd.f90 \
dlapmr.f90 \
dlartgp.f90 \
dlartgs.f90 \
dorbdb.f90 \
dorcsd.f90 \
dsyconv.f90 \
dsyswapr.f90 \
dsytri2.f90 \
dsytri2x.f90 \
dsytrs2.f90 \
dbdsdc.f90 \
dbdsqr.f90 \
ddisna.f90 \
ddtsvb.f90 \
ddtsvb1.f90 \
ddttrfb.f90 \
ddttrsb.f90 \
ddttrsb1.f90 \
dgbbrd.f90 \
dgbcon.f90 \
dgbequ.f90 \
dgbrfs.f90 \
dgbrfs1.f90 \
dgbsv.f90 \
dgbsv1.f90 \
dgbsvx.f90 \
dgbsvx1.f90 \
dgbtrf.f90 \
dgbtrs.f90 \
dgbtrs1.f90 \
dgebak.f90 \
dgebal.f90 \
dgebrd.f90 \
dgecon.f90 \
dgeequ.f90 \
dgees.f90 \
dgeesx.f90 \
dgeev.f90 \
dgeevx.f90 \
dgehrd.f90 \
dgelqf.f90 \
dgels.f90 \
dgels1.f90 \
dgelsd.f90 \
dgelsd1.f90 \
dgelss.f90 \
dgelss1.f90 \
dgelsy.f90 \
dgelsy1.f90 \
dgemqrt.f90 \
dgeqlf.f90 \
dgeqp3.f90 \
dgeqpf.f90 \
dgeqrf.f90 \
dgeqrt.f90 \
dgeqrt2.f90 \
dgeqrt3.f90 \
dgerfs.f90 \
dgerfs1.f90 \
dgerqf.f90 \
dgesdd.f90 \
dgesv.f90 \
dgesv1.f90 \
dgesvd.f90 \
dgesvx.f90 \
dgesvx1.f90 \
dgetrf.f90 \
dgetri.f90 \
dgetrs.f90 \
dgetrs1.f90 \
dggbak.f90 \
dggbal.f90 \
dgges.f90 \
dggesx.f90 \
dggev.f90 \
dggevx.f90 \
dggglm.f90 \
dgghrd.f90 \
dgglse.f90 \
dggqrf.f90 \
dggrqf.f90 \
dggsvd.f90 \
dggsvp.f90 \
dgtcon.f90 \
dgtrfs.f90 \
dgtrfs1.f90 \
dgtsv.f90 \
dgtsv1.f90 \
dgtsvx.f90 \
dgtsvx1.f90 \
dgttrf.f90 \
dgttrs.f90 \
dgttrs1.f90 \
dhgeqz.f90 \
dhsein.f90 \
dhseqr.f90 \
dopgtr.f90 \
dopmtr.f90 \
dorgbr.f90 \
dorghr.f90 \
dorglq.f90 \
dorgql.f90 \
dorgqr.f90 \
dorgrq.f90 \
dorgtr.f90 \
dormbr.f90 \
dormhr.f90 \
dormlq.f90 \
dormql.f90 \
dormqr.f90 \
dormrq.f90 \
dormrz.f90 \
dormtr.f90 \
dpbcon.f90 \
dpbequ.f90 \
dpbrfs.f90 \
dpbrfs1.f90 \
dpbstf.f90 \
dpbsv.f90 \
dpbsv1.f90 \
dpbsvx.f90 \
dpbsvx1.f90 \
dpbtrf.f90 \
dpbtrs.f90 \
dpbtrs1.f90 \
dpocon.f90 \
dpoequ.f90 \
dporfs.f90 \
dporfs1.f90 \
dposv.f90 \
dposv1.f90 \
dposvx.f90 \
dposvx1.f90 \
dpotrf.f90 \
dpotri.f90 \
dpotrs.f90 \
dpotrs1.f90 \
dppcon.f90 \
dppequ.f90 \
dpprfs.f90 \
dpprfs1.f90 \
dppsv.f90 \
dppsv1.f90 \
dppsvx.f90 \
dppsvx1.f90 \
dpptrf.f90 \
dpptri.f90 \
dpptrs.f90 \
dpptrs1.f90 \
dptcon.f90 \
dpteqr.f90 \
dptrfs.f90 \
dptrfs1.f90 \
dptsv.f90 \
dptsv1.f90 \
dptsvx.f90 \
dptsvx1.f90 \
dpttrf.f90 \
dpttrs.f90 \
dpttrs1.f90 \
dsbev.f90 \
dsbevd.f90 \
dsbevx.f90 \
dsbgst.f90 \
dsbgv.f90 \
dsbgvd.f90 \
dsbgvx.f90 \
dsbtrd.f90 \
dspcon.f90 \
dspev.f90 \
dspevd.f90 \
dspevx.f90 \
dspgst.f90 \
dspgv.f90 \
dspgvd.f90 \
dspgvx.f90 \
dsprfs.f90 \
dsprfs1.f90 \
dspsv.f90 \
dspsv1.f90 \
dspsvx.f90 \
dspsvx1.f90 \
dsptrd.f90 \
dsptrf.f90 \
dsptri.f90 \
dsptrs.f90 \
dsptrs1.f90 \
dstebz.f90 \
dstedc.f90 \
dstegr.f90 \
dstein.f90 \
dsteqr.f90 \
dsterf.f90 \
dstev.f90 \
dstevd.f90 \
dstevr.f90 \
dstevx.f90 \
dsycon.f90 \
dsyev.f90 \
dsyevd.f90 \
dsyevr.f90 \
dsyevx.f90 \
dsygst.f90 \
dsygv.f90 \
dsygvd.f90 \
dsygvx.f90 \
dsyrfs.f90 \
dsyrfs1.f90 \
dsysv.f90 \
dsysv1.f90 \
dsysvx.f90 \
dsysvx1.f90 \
dsytrd.f90 \
dsytrf.f90 \
dsytri.f90 \
dsytrs.f90 \
dsytrs1.f90 \
dtbcon.f90 \
dtbrfs.f90 \
dtbrfs1.f90 \
dtbtrs.f90 \
dtbtrs1.f90 \
dtgevc.f90 \
dtgexc.f90 \
dtgsen.f90 \
dtgsja.f90 \
dtgsna.f90 \
dtgsyl.f90 \
dtpcon.f90 \
dtpmqrt.f90 \
dtpqrt.f90 \
dtpqrt2.f90 \
dtprfb.f90 \
dtprfs.f90 \
dtprfs1.f90 \
dtptri.f90 \
dtptrs.f90 \
dtptrs1.f90 \
dtrcon.f90 \
dtrevc.f90 \
dtrexc.f90 \
dtrrfs.f90 \
dtrrfs1.f90 \
dtrsen.f90 \
dtrsna.f90 \
dtrsyl.f90 \
dtrtri.f90 \
dtrtrs.f90 \
dtrtrs1.f90 \
dtzrzf.f90 \
sbbcsd.f90 \
slapmr.f90 \
slartgp.f90 \
slartgs.f90 \
sorbdb.f90 \
sorcsd.f90 \
ssyconv.f90 \
ssyswapr.f90 \
ssytri2.f90 \
ssytri2x.f90 \
ssytrs2.f90 \
sbdsdc.f90 \
sbdsqr.f90 \
sdisna.f90 \
sdtsvb.f90 \
sdtsvb1.f90 \
sdttrfb.f90 \
sdttrsb.f90 \
sdttrsb1.f90 \
sgbbrd.f90 \
sgbcon.f90 \
sgbequ.f90 \
sgbrfs.f90 \
sgbrfs1.f90 \
sgbsv.f90 \
sgbsv1.f90 \
sgbsvx.f90 \
sgbsvx1.f90 \
sgbtrf.f90 \
sgbtrs.f90 \
sgbtrs1.f90 \
sgebak.f90 \
sgebal.f90 \
sgebrd.f90 \
sgecon.f90 \
sgeequ.f90 \
sgees.f90 \
sgeesx.f90 \
sgeev.f90 \
sgeevx.f90 \
sgehrd.f90 \
sgelqf.f90 \
sgels.f90 \
sgels1.f90 \
sgelsd.f90 \
sgelsd1.f90 \
sgelss.f90 \
sgelss1.f90 \
sgelsy.f90 \
sgelsy1.f90 \
sgemqrt.f90 \
sgeqlf.f90 \
sgeqp3.f90 \
sgeqpf.f90 \
sgeqrf.f90 \
sgeqrt.f90 \
sgeqrt2.f90 \
sgeqrt3.f90 \
sgerfs.f90 \
sgerfs1.f90 \
sgerqf.f90 \
sgesdd.f90 \
sgesv.f90 \
sgesv1.f90 \
sgesvd.f90 \
sgesvx.f90 \
sgesvx1.f90 \
sgetrf.f90 \
sgetri.f90 \
sgetrs.f90 \
sgetrs1.f90 \
sggbak.f90 \
sggbal.f90 \
sgges.f90 \
sggesx.f90 \
sggev.f90 \
sggevx.f90 \
sggglm.f90 \
sgghrd.f90 \
sgglse.f90 \
sggqrf.f90 \
sggrqf.f90 \
sggsvd.f90 \
sggsvp.f90 \
sgtcon.f90 \
sgtrfs.f90 \
sgtrfs1.f90 \
sgtsv.f90 \
sgtsv1.f90 \
sgtsvx.f90 \
sgtsvx1.f90 \
sgttrf.f90 \
sgttrs.f90 \
sgttrs1.f90 \
shgeqz.f90 \
shsein.f90 \
shseqr.f90 \
sopgtr.f90 \
sopmtr.f90 \
sorgbr.f90 \
sorghr.f90 \
sorglq.f90 \
sorgql.f90 \
sorgqr.f90 \
sorgrq.f90 \
sorgtr.f90 \
sormbr.f90 \
sormhr.f90 \
sormlq.f90 \
sormql.f90 \
sormqr.f90 \
sormrq.f90 \
sormrz.f90 \
sormtr.f90 \
spbcon.f90 \
spbequ.f90 \
spbrfs.f90 \
spbrfs1.f90 \
spbstf.f90 \
spbsv.f90 \
spbsv1.f90 \
spbsvx.f90 \
spbsvx1.f90 \
spbtrf.f90 \
spbtrs.f90 \
spbtrs1.f90 \
spocon.f90 \
spoequ.f90 \
sporfs.f90 \
sporfs1.f90 \
sposv.f90 \
sposv1.f90 \
sposvx.f90 \
sposvx1.f90 \
spotrf.f90 \
spotri.f90 \
spotrs.f90 \
spotrs1.f90 \
sppcon.f90 \
sppequ.f90 \
spprfs.f90 \
spprfs1.f90 \
sppsv.f90 \
sppsv1.f90 \
sppsvx.f90 \
sppsvx1.f90 \
spptrf.f90 \
spptri.f90 \
spptrs.f90 \
spptrs1.f90 \
sptcon.f90 \
spteqr.f90 \
sptrfs.f90 \
sptrfs1.f90 \
sptsv.f90 \
sptsv1.f90 \
sptsvx.f90 \
sptsvx1.f90 \
spttrf.f90 \
spttrs.f90 \
spttrs1.f90 \
ssbev.f90 \
ssbevd.f90 \
ssbevx.f90 \
ssbgst.f90 \
ssbgv.f90 \
ssbgvd.f90 \
ssbgvx.f90 \
ssbtrd.f90 \
sspcon.f90 \
sspev.f90 \
sspevd.f90 \
sspevx.f90 \
sspgst.f90 \
sspgv.f90 \
sspgvd.f90 \
sspgvx.f90 \
ssprfs.f90 \
ssprfs1.f90 \
sspsv.f90 \
sspsv1.f90 \
sspsvx.f90 \
sspsvx1.f90 \
ssptrd.f90 \
ssptrf.f90 \
ssptri.f90 \
ssptrs.f90 \
ssptrs1.f90 \
sstebz.f90 \
sstedc.f90 \
sstegr.f90 \
sstein.f90 \
ssteqr.f90 \
ssterf.f90 \
sstev.f90 \
sstevd.f90 \
sstevr.f90 \
sstevx.f90 \
ssycon.f90 \
ssyev.f90 \
ssyevd.f90 \
ssyevr.f90 \
ssyevx.f90 \
ssygst.f90 \
ssygv.f90 \
ssygvd.f90 \
ssygvx.f90 \
ssyrfs.f90 \
ssyrfs1.f90 \
ssysv.f90 \
ssysv1.f90 \
ssysvx.f90 \
ssysvx1.f90 \
ssytrd.f90 \
ssytrf.f90 \
ssytri.f90 \
ssytrs.f90 \
ssytrs1.f90 \
stbcon.f90 \
stbrfs.f90 \
stbrfs1.f90 \
stbtrs.f90 \
stbtrs1.f90 \
stgevc.f90 \
stgexc.f90 \
stgsen.f90 \
stgsja.f90 \
stgsna.f90 \
stgsyl.f90 \
stpcon.f90 \
stpmqrt.f90 \
stpqrt.f90 \
stpqrt2.f90 \
stprfb.f90 \
stprfs.f90 \
stprfs1.f90 \
stptri.f90 \
stptrs.f90 \
stptrs1.f90 \
strcon.f90 \
strevc.f90 \
strexc.f90 \
strrfs.f90 \
strrfs1.f90 \
strsen.f90 \
strsna.f90 \
strsyl.f90 \
strtri.f90 \
strtrs.f90 \
strtrs1.f90 \
stzrzf.f90 \
zbbcsd.f90 \
zhetrs2.f90 \
zlapmr.f90 \
zsyconv.f90 \
zsyswapr.f90 \
zheswapr.f90 \
zsytri2.f90 \
zsytri2x.f90 \
zhetri2.f90 \
zhetri2x.f90 \
zsytrs2.f90 \
zunbdb.f90 \
zuncsd.f90 \
zbdsqr.f90 \
zdtsvb.f90 \
zdtsvb1.f90 \
zdttrfb.f90 \
zdttrsb.f90 \
zdttrsb1.f90 \
zgbbrd.f90 \
zgbcon.f90 \
zgbequ.f90 \
zgbrfs.f90 \
zgbrfs1.f90 \
zgbsv.f90 \
zgbsv1.f90 \
zgbsvx.f90 \
zgbsvx1.f90 \
zgbtrf.f90 \
zgbtrs.f90 \
zgbtrs1.f90 \
zgebak.f90 \
zgebal.f90 \
zgebrd.f90 \
zgecon.f90 \
zgeequ.f90 \
zgees.f90 \
zgeesx.f90 \
zgeev.f90 \
zgeevx.f90 \
zgehrd.f90 \
zgelqf.f90 \
zgels.f90 \
zgels1.f90 \
zgelsd.f90 \
zgelsd1.f90 \
zgelss.f90 \
zgelss1.f90 \
zgelsy.f90 \
zgelsy1.f90 \
zgemqrt.f90 \
zgeqlf.f90 \
zgeqp3.f90 \
zgeqpf.f90 \
zgeqrf.f90 \
zgeqrt.f90 \
zgeqrt2.f90 \
zgeqrt3.f90 \
zgerfs.f90 \
zgerfs1.f90 \
zgerqf.f90 \
zgesdd.f90 \
zgesv.f90 \
zgesv1.f90 \
zgesvd.f90 \
zgesvx.f90 \
zgesvx1.f90 \
zgetrf.f90 \
zgetri.f90 \
zgetrs.f90 \
zgetrs1.f90 \
zggbak.f90 \
zggbal.f90 \
zgges.f90 \
zggesx.f90 \
zggev.f90 \
zggevx.f90 \
zggglm.f90 \
zgghrd.f90 \
zgglse.f90 \
zggqrf.f90 \
zggrqf.f90 \
zggsvd.f90 \
zggsvp.f90 \
zgtcon.f90 \
zgtrfs.f90 \
zgtrfs1.f90 \
zgtsv.f90 \
zgtsv1.f90 \
zgtsvx.f90 \
zgtsvx1.f90 \
zgttrf.f90 \
zgttrs.f90 \
zgttrs1.f90 \
zhbev.f90 \
zhbevd.f90 \
zhbevx.f90 \
zhbgst.f90 \
zhbgv.f90 \
zhbgvd.f90 \
zhbgvx.f90 \
zhbtrd.f90 \
zhecon.f90 \
zheev.f90 \
zheevd.f90 \
zheevr.f90 \
zheevx.f90 \
zhegst.f90 \
zhegv.f90 \
zhegvd.f90 \
zhegvx.f90 \
zherfs.f90 \
zherfs1.f90 \
zhesv.f90 \
zhesv1.f90 \
zhesvx.f90 \
zhesvx1.f90 \
zhetrd.f90 \
zhetrf.f90 \
zhetri.f90 \
zhetrs.f90 \
zhetrs1.f90 \
zhgeqz.f90 \
zhpcon.f90 \
zhpev.f90 \
zhpevd.f90 \
zhpevx.f90 \
zhpgst.f90 \
zhpgv.f90 \
zhpgvd.f90 \
zhpgvx.f90 \
zhprfs.f90 \
zhprfs1.f90 \
zhpsv.f90 \
zhpsv1.f90 \
zhpsvx.f90 \
zhpsvx1.f90 \
zhptrd.f90 \
zhptrf.f90 \
zhptri.f90 \
zhptrs.f90 \
zhptrs1.f90 \
zhsein.f90 \
zhseqr.f90 \
zpbcon.f90 \
zpbequ.f90 \
zpbrfs.f90 \
zpbrfs1.f90 \
zpbstf.f90 \
zpbsv.f90 \
zpbsv1.f90 \
zpbsvx.f90 \
zpbsvx1.f90 \
zpbtrf.f90 \
zpbtrs.f90 \
zpbtrs1.f90 \
zpocon.f90 \
zpoequ.f90 \
zporfs.f90 \
zporfs1.f90 \
zposv.f90 \
zposv1.f90 \
zposvx.f90 \
zposvx1.f90 \
zpotrf.f90 \
zpotri.f90 \
zpotrs.f90 \
zpotrs1.f90 \
zppcon.f90 \
zppequ.f90 \
zpprfs.f90 \
zpprfs1.f90 \
zppsv.f90 \
zppsv1.f90 \
zppsvx.f90 \
zppsvx1.f90 \
zpptrf.f90 \
zpptri.f90 \
zpptrs.f90 \
zpptrs1.f90 \
zptcon.f90 \
zpteqr.f90 \
zptrfs.f90 \
zptrfs1.f90 \
zptsv.f90 \
zptsv1.f90 \
zptsvx.f90 \
zptsvx1.f90 \
zpttrf.f90 \
zpttrs.f90 \
zpttrs1.f90 \
zspcon.f90 \
zsprfs.f90 \
zsprfs1.f90 \
zspsv.f90 \
zspsv1.f90 \
zspsvx.f90 \
zspsvx1.f90 \
zsptrf.f90 \
zsptri.f90 \
zsptrs.f90 \
zsptrs1.f90 \
zstedc.f90 \
zstegr.f90 \
zstein.f90 \
zsteqr.f90 \
zsycon.f90 \
zsyrfs.f90 \
zsyrfs1.f90 \
zsysv.f90 \
zsysv1.f90 \
zsysvx.f90 \
zsysvx1.f90 \
zsytrf.f90 \
zsytri.f90 \
zsytrs.f90 \
zsytrs1.f90 \
ztbcon.f90 \
ztbrfs.f90 \
ztbrfs1.f90 \
ztbtrs.f90 \
ztbtrs1.f90 \
ztgevc.f90 \
ztgexc.f90 \
ztgsen.f90 \
ztgsja.f90 \
ztgsna.f90 \
ztgsyl.f90 \
ztpcon.f90 \
ztpmqrt.f90 \
ztpqrt.f90 \
ztpqrt2.f90 \
ztprfb.f90 \
ztprfs.f90 \
ztprfs1.f90 \
ztptri.f90 \
ztptrs.f90 \
ztptrs1.f90 \
ztrcon.f90 \
ztrevc.f90 \
ztrexc.f90 \
ztrrfs.f90 \
ztrrfs1.f90 \
ztrsen.f90 \
ztrsna.f90 \
ztrsyl.f90 \
ztrtri.f90 \
ztrtrs.f90 \
ztrtrs1.f90 \
ztzrzf.f90 \
zungbr.f90 \
zunghr.f90 \
zunglq.f90 \
zungql.f90 \
zungqr.f90 \
zungrq.f90 \
zungtr.f90 \
zunmbr.f90 \
zunmhr.f90 \
zunmlq.f90 \
zunmql.f90 \
zunmqr.f90 \
zunmrq.f90 \
zunmrz.f90 \
zunmtr.f90 \
zupgtr.f90 \
zupmtr.f90
